input your name:
Agha Sadegh
ok bruh now input your age : ->
20good age? answer is true
