input your name:
Agha Sadegh
ok bruh now input your age : ->
20good age? answer is true
ok1 simple if
eyval else ham doroste
1
2
3
4
5
true
