41637
4853
-2730
1234
12.00000000
1220.00000000
0.12200000
1200.00000000
1220.00000000
1200.00000000
