-420-210
-420-210
-216

-420-210
-420-210
-9816

-1568-32

-420-210
-420-210
8816

-420-210
-420-210
1316

2085

-420-210
-420-210
17816

-420-210
-420-210
3116

111

-420-210
-420-210
26816

-420-210
-420-210
4616

216

