5
15
5
10
check
f
zz!
bad z
while...
true
Andy mandy
loop
while...
true
Andy mandy
10
1
10
11
1
10
10
1
10
11
1
