4.13999987
1: 1, 2: -7
1: 2, 2: -6
1: 3, 2: -5
1: 4, 2: -4
1: 5, 2: -3
