Cow2
Cow
num1 = 24

Cow2
Jersey
num1 = 33

Cow2
Jersey
num1 = 33

Jersey3
Cow2
Jersey
num1 = 33

Jersey
num1 = 33

Jersey
num1 = 33

