Cow2
Cow
Cow2
Jersey
Jersey3
Cow2
Jersey
Hello from Jersey.
