Not overridden

Animal
Not overridden

Cow
Not overridden

Jersey
